client/src/components/BarberSelection.tsx(16,7): error TS2739: Type '{ id: string; name: string; photoUrl: null; weeklySchedule: never[]; exceptions: never[]; services: never[]; }' is missing the following properties from type 'Barber': phone, active
client/src/components/BookingConfirmation.tsx(8,15): error TS2459: Module '"@/lib/store"' declares 'Service' locally, but it is not exported.
client/src/components/BookingConfirmation.tsx(8,24): error TS2459: Module '"@/lib/store"' declares 'Barber' locally, but it is not exported.
client/src/components/examples/BarberSelection.tsx(3,15): error TS2459: Module '"@/lib/store"' declares 'Barber' locally, but it is not exported.
client/src/components/examples/BarberSelection.tsx(38,10): error TS2739: Type '{ barbers: Barber[]; selectedBarber: any; onSelect: Dispatch<any>; }' is missing the following properties from type 'BarberSelectionProps': serviceId, isLoading
client/src/components/examples/BookingReview.tsx(33,11): error TS2739: Type '{ id: string; name: string; icon: string; durationMin: number; priceCOP: number; description: string; }' is missing the following properties from type 'Service': category, active
client/src/components/examples/BookingReview.tsx(34,11): error TS2739: Type '{ id: string; name: string; photoUrl: string; rating: number; reviewCount: number; }' is missing the following properties from type 'Barber': phone, active, weeklySchedule, exceptions, services
client/src/components/examples/ClientForm.tsx(12,10): error TS2739: Type '{ onSubmit: (data: any) => void; }' is missing the following properties from type 'ClientFormProps': draftData, dataVersion, onChange
client/src/components/examples/DateTimeSelection.tsx(21,11): error TS2322: Type '{ selectedDate: Date | null; selectedTime: string | null; onDateSelect: Dispatch<SetStateAction<Date | null>>; onTimeSelect: Dispatch<SetStateAction<string | null>>; availableSlots: string[]; }' is not assignable to type 'IntrinsicAttributes & DateTimeSelectionProps'.
  Property 'availableSlots' does not exist on type 'IntrinsicAttributes & DateTimeSelectionProps'.
client/src/components/examples/ServiceSelection.tsx(3,15): error TS2459: Module '"@/lib/store"' declares 'Service' locally, but it is not exported.
